// Jest Snapshot v1, https://goo.gl/fbAQLP

exports[`<App/> should match the snapshot 1`] = `
<div>
  <div
    class="App"
    data-testid="App"
  >
    <aside>
      <div
        class="AppNavBar"
        data-testid="AppNavBar"
      >
        <a
          href="/baldurs-gate-3"
        >
          <img
            alt="Baldur's Gate 3 Logo"
            src="BG3-logo.png"
          />
        </a>
      </div>
    </aside>
    <main>
      <div
        class="BaldursGate3"
        data-testid="BaldursGate3"
      >
        <div
          class="InstalledModsSection"
          data-testid="InstalledModsSection"
        >
          <div>
            Loading..
          </div>
        </div>
        <div
          class="ModFileSection"
          data-testid="ModFileSection"
        >
          <h3
            class="Heading"
            data-testid="Heading"
          >
            Modification Files
          </h3>
          <div
            class="ModFileList"
            data-testid="ModFileList"
          >
            <div
              class="Card ModFileRow header"
              data-testid="Card"
            >
              <span>
                Modification Name
              </span>
              <span>
                Version
              </span>
              <button
                class="Button ModFileButton contained primary"
                data-testid="ModFileButton"
                type="button"
              >
                <svg
                  class="Spinner spinner"
                >
                  bars.svg
                </svg>
                <span
                  class="content"
                >
                  Install
                </span>
              </button>
            </div>
            <div
              class="Card EmptyList"
              data-testid="Card"
            >
              <h4
                class="Heading header"
                data-testid="Heading"
              >
                Drag and drop you zip files here or
              </h4>
              <button
                class="Button contained primary"
                data-testid="Button"
                type="button"
              >
                <svg
                  class="Spinner spinner"
                >
                  bars.svg
                </svg>
                <span
                  class="content"
                >
                  <label
                    for="file"
                  >
                    Click this button to select files
                  </label>
                </span>
              </button>
              <input
                accept="zip"
                id="file"
                multiple=""
                type="file"
              />
            </div>
          </div>
        </div>
      </div>
    </main>
  </div>
</div>
`;
