// Jest Snapshot v1, https://goo.gl/fbAQLP

exports[`<InstalledMod /> should match the snapshot 1`] = `
<div>
  <div
    class="Card InstalledMod"
    data-testid="Card"
  >
    <span
      title="Marklar"
    >
      foobar
    </span>
    <span>
      v3.4.7
    </span>
    <button
      class="Button contained primary"
      data-testid="Button"
      type="button"
    >
      <svg
        class="Spinner spinner"
      >
        bars.svg
      </svg>
      <span
        class="content"
      >
        Activate
      </span>
    </button>
    <button
      class="Button contained primary"
      data-testid="Button"
      type="button"
    >
      <svg
        class="Spinner spinner"
      >
        bars.svg
      </svg>
      <span
        class="content"
      >
        Delete
      </span>
    </button>
  </div>
</div>
`;
