// Vitest Snapshot v1, https://vitest.dev/guide/snapshot.html

exports[`<AppNavBar /> > should match the snapshot 1`] = `
<div>
  <div
    class="AppNavBar"
    data-testid="AppNavBar"
  >
    <a
      href="/BG3"
    >
      <img
        alt="Baldur's Gate 3 Logo"
        src="/src/renderer/src/shared/assets/images/BG3-logo.png"
      />
    </a>
  </div>
</div>
`;
