// Vitest Snapshot v1, https://vitest.dev/guide/snapshot.html

exports[`<Loading /> > should match the snapshot 1`] = `
<div
  style="height: 0px; overflow: hidden;"
>
  <div
    class="Loading"
    style="height: 0px;"
  >
    <svg
      class="Spinner spinner"
    >
      oval.svg
    </svg>
  </div>
</div>
`;
