// Vitest Snapshot v1, https://vitest.dev/guide/snapshot.html

exports[`<ModsOrder /> > should match the snapshot 1`] = `
<div>
  <div
    class="ModsOrder"
    data-testid="ModsOrder"
  >
    <div
      class="StickyBlock"
      data-testid="StickyBlock"
    >
      <h3
        class="Heading"
        data-testid="Heading"
      >
        Mod Order
      </h3>
    </div>
    <div
      class="Card EmptyList"
      data-testid="Card"
    >
      <h4
        class="Heading"
        data-testid="Heading"
      >
        Activate the mods from the Installed Mods list below using Activate button and they will appear here
      </h4>
    </div>
  </div>
</div>
`;
