// Jest Snapshot v1, https://goo.gl/fbAQLP

exports[`<ModFileSection /> should match the snapshot 1`] = `
<div>
  <div
    class="ModFileSection"
    data-testid="ModFileSection"
  >
    <h3
      class="Heading"
      data-testid="Heading"
    >
      Modification Files
    </h3>
    <div
      class="ModFileList"
      data-testid="ModFileList"
    />
  </div>
</div>
`;
