// Jest Snapshot v1, https://goo.gl/fbAQLP

exports[`<InstalledModsSection /> should match the snapshot 1`] = `
<div>
  <div
    class="InstalledModsSection"
    data-testid="InstalledModsSection"
  >
    <div
      class="InstalledModsList"
      data-testid="InstalledModsList"
    >
      <div>
        <h3
          class="Heading"
          data-testid="Heading"
        >
          Active Mods
        </h3>
        <div
          class="Card EmptyList"
          data-testid="Card"
        >
          <h4
            class="Heading"
            data-testid="Heading"
          >
            Activate the mods from the Installed Mods list below using Activate button and they will appear here
          </h4>
        </div>
      </div>
      <div>
        <h3
          class="Heading"
          data-testid="Heading"
        >
          Installed Mods
        </h3>
        <div
          class="Card EmptyList"
          data-testid="Card"
        >
          <h4
            class="Heading"
            data-testid="Heading"
          >
            You haven't installed any mods yet. Use the panel on the right to install mods
          </h4>
        </div>
      </div>
    </div>
  </div>
</div>
`;
