// Jest Snapshot v1, https://goo.gl/fbAQLP

exports[`<InstalledModsSection /> should match the snapshot 1`] = `
<div>
  <div
    class="InstalledModsSection"
    data-testid="InstalledModsSection"
  >
    <h3
      class="Heading"
      data-testid="Heading"
    >
      Installed Mods
    </h3>
    <div
      class="InstalledModsList"
      data-testid="InstalledModsList"
    >
      <table
        class="Table DataTable table"
        data-testid="Table"
      >
        <thead>
          <tr>
            <th>
              Active
            </th>
            <th>
              Name
            </th>
            <th>
              Version
            </th>
          </tr>
        </thead>
        <tbody />
      </table>
    </div>
  </div>
</div>
`;
