// Jest Snapshot v1, https://goo.gl/fbAQLP

exports[`<ModFileButton /> should match the snapshot 1`] = `
<div>
  <button
    class="Button ModFileButton contained primary"
    data-testid="ModFileButton"
    type="button"
  >
    <svg
      class="Spinner spinner"
    >
      bars.svg
    </svg>
    <span
      class="content"
    >
      Install
    </span>
  </button>
</div>
`;
